[www.jsconfar.com/index.html]
[backblue.gif]
[fade.gif]
[index.html]
[www.jsconfar.com/static/images/social/jsconfar-facebook.png]
[www.jsconfar.com/static/images/social/jsconfar-twitter.png]
[www.jsconfar.com/static/styles/images/favicon.png]
[www.google-analytics.com/analytics.js]
[www.jsconfar.com/static/styles/stylescb5b.css]
[www.jsconfar.com/linkid.js]
[www.jsconfar.com/static/game_assets/dance/4.gif]
[www.jsconfar.com/static/game_assets/ui/cartridge.png]
[www.jsconfar.com/static/images/jsconf_argentina_logo.png]
[www.jsconfar.com/static/images/speakers/sara-chipps.jpg]
[www.jsconfar.com/static/images/nyancat.ogg]
[www.jsconfar.com/static/images/speakers/jennifer-dewalt.jpg]
[www.jsconfar.com/static/images/speakers/jaydson-gomes.jpg]
[www.jsconfar.com/static/images/speakers/sebastian-markbage.jpg]
[www.jsconfar.com/static/images/speakers/ricardo-cabello.jpg]
[www.jsconfar.com/static/images/speakers/maria-evangelina-ferreira.jpg]
[www.jsconfar.com/static/images/speakers/juan-ignacio-dopazo.jpg]
[www.jsconfar.com/static/images/speakers/nicolas-garcia.jpg]
[www.jsconfar.com/static/images/speakers/angel-java-lopez.jpg]
[www.jsconfar.com/static/images/speakers/nikolai-bachiyski.jpg]
[www.jsconfar.com/static/images/speakers/alex-sexton.jpg]
[www.jsconfar.com/static/images/speakers/nathan-rajlich.jpg]
[www.jsconfar.com/static/images/speakers/jason-chen.jpg]
[www.jsconfar.com/static/images/speakers/julian-duque.jpg]
[www.jsconfar.com/static/images/speakers/alvaro-videla.jpg]
[www.jsconfar.com/static/images/speakers/tomasz-janczuk.jpg]
[www.jsconfar.com/static/images/speakers/andreas-gal.jpg]
[www.jsconfar.com/static/images/speakers/brendan-eich.jpg]
[www.jsconfar.com/static/images/tickets-gone.png]
[www.jsconfar.com/static/images/sponsors/wordpress-logo.png]
[www.jsconfar.com/static/images/sponsors/google-logo.png]
[www.jsconfar.com/static/images/sponsors/auth0-logo.png]
[www.jsconfar.com/static/images/sponsors/digitalocean-logo.png]
[www.jsconfar.com/static/images/sponsors/github-logo.png]
[www.jsconfar.com/static/images/sponsors/aerolab-logo.png]
[www.jsconfar.com/static/images/sponsors/mango-logo.png]
[www.jsconfar.com/static/images/sponsors/apiary-logo.png]
[www.jsconfar.com/static/images/sponsors/mejorandola-logo.png]
[www.jsconfar.com/static/images/sponsors/skycatch-logo.png]
[www.jsconfar.com/static/images/sponsors/globant-logo.png]
[www.jsconfar.com/static/images/sponsors/mozilla-logo.png]
[www.jsconfar.com/static/images/sponsors/mandrill-logo.png]
[www.jsconfar.com/static/images/sponsors/terra-logo.png]
[www.jsconfar.com/static/images/sponsors/nodesource-logo.png]
[www.jsconfar.com/static/images/sponsors/shovelapps-logo.png]
[www.jsconfar.com/static/images/sponsors/mercadolibre-logo.png]
[www.jsconfar.com/static/images/sponsors/scvsoft-logo.png]
[www.jsconfar.com/static/images/sponsors/saucelabs-logo.png]
[www.jsconfar.com/static/images/sponsors/xapo-logo.png]
[ajax.googleapis.com/ajax/libs/jquery/1.11.1/jquery.min.js]
[www.jsconfar.com/js/jquery.min.js]
[www.jsconfar.com/index.html]
[www.jsconfar.com/static/game_assets/index.html]
[www.jsconfar.com/static/styles/fonts/inputmono-regular-webfont.eot]
[www.jsconfar.com/static/styles/fonts/inputmono-regular-webfontd41d.eot]
[www.jsconfar.com/static/styles/fonts/inputmono-regular-webfont.woff]
[www.jsconfar.com/static/styles/fonts/inputmono-regular-webfont.ttf]
[www.jsconfar.com/static/styles/fonts/inputmono-bold-webfont.eot]
[www.jsconfar.com/static/styles/fonts/inputmono-bold-webfontd41d.eot]
[www.jsconfar.com/static/styles/fonts/inputmono-bold-webfont.woff]
[www.jsconfar.com/static/styles/fonts/inputmono-bold-webfont.ttf]
[www.jsconfar.com/static/styles/images/sprited756.png]
[www.jsconfar.com/static/styles/images/sprite@2xd756.png]
[www.jsconfar.com/static/styles/images/illustration-sky.png]
[www.jsconfar.com/static/styles/images/illustration.png]
[www.jsconfar.com/static/styles/images/obelisk.png]
[www.jsconfar.com/static/game_assets/ui/input.png]
[www.jsconfar.com/static/game_assets/ui/loading.gif]
[www.jsconfar.com/static/game_assets/ui/error.png]
[www.jsconfar.com/static/styles/images/flagsec70.png]
[www.jsconfar.com/static/styles/images/close-button.png]
[www.jsconfar.com/static/images/auditorium.jpg]
[www.jsconfar.com/static/styles/images/illustration-tickets.png]
[www.jsconfar.com/static/styles/images/progress-flag@2x.png]
[www.jsconfar.com/static/images/hotels/hotel-belair.jpg]
[www.jsconfar.com/static/images/hotels/hotel-dazzler.jpg]
[www.jsconfar.com/static/images/hotels/hotel-intersur.jpg]
[www.jsconfar.com/static/images/hotels/hotel-loisuites.jpg]
[www.jsconfar.com/static/images/hotels/hotel-melia.jpg]
[www.jsconfar.com/static/images/hotels/hotel-urban.jpg]
[www.jsconfar.com/static/styles/images/illustration-footer.png]
[www.jsconfar.com/static/styles/images/inputs@2x.png]
[www.jsconfar.com/static/styles/images/loading.gif]
[www.jsconfar.com/static/styles/images/loading-payment.gif]
[www.jsconfar.com/static/styles/images/backterminalhandle2.png]
[www.jsconfar.com/static/images/breaks.png]
[www.jsconfar.com/static/images/break-sponsors.png]
[www.jsconfar.com/static/styles/images/illustration-mobile.png]
[www.jsconfar.com/static/styles/images/obelisk-mobile.png]
[www.jsconfar.com/static/styles/images/illustration-footer-mobile.png]
[www.jsconfar.com/static/styles/images/illustration-sky@2x.png]
[www.jsconfar.com/static/styles/images/illustration@2x.png]
[www.jsconfar.com/static/styles/images/obelisk@2x.png]
[www.jsconfar.com/static/styles/images/flags@2x.png]
[www.jsconfar.com/static/styles/images/illustration-tickets@2x.png]
[www.jsconfar.com/static/styles/images/illustration-footer@2x.png]
[www.jsconfar.com/static/styles/images/illustration-mobile@2x.png]
[www.jsconfar.com/static/styles/images/obelisk-mobile@2x.png]
[www.jsconfar.com/static/styles/images/illustration-footer-mobile@2x.png]
[www.jsconfar.com/static/styles/images/ui-bg_highlight-soft_100_eeeeee_1x100.png]
[www.jsconfar.com/static/styles/images/ui-bg_gloss-wave_35_f6a828_500x100.png]
[www.jsconfar.com/static/styles/images/ui-bg_glass_100_f6f6f6_1x400.png]
[www.jsconfar.com/static/styles/images/ui-bg_glass_100_fdf5ce_1x400.png]
[www.jsconfar.com/static/styles/images/ui-bg_glass_65_ffffff_1x400.png]
[www.jsconfar.com/static/styles/images/ui-bg_highlight-soft_75_ffe45c_1x100.png]
[www.jsconfar.com/static/styles/images/ui-bg_diagonals-thick_18_b81900_40x40.png]
[www.jsconfar.com/static/styles/images/ui-icons_222222_256x240.png]
[www.jsconfar.com/static/styles/images/ui-icons_ffffff_256x240.png]
[www.jsconfar.com/static/styles/images/ui-icons_ef8c08_256x240.png]
[www.jsconfar.com/static/styles/images/ui-icons_228ef1_256x240.png]
[www.jsconfar.com/static/styles/images/ui-icons_ffd27a_256x240.png]
[www.jsconfar.com/static/styles/images/ui-bg_diagonals-thick_20_666666_40x40.png]
[www.jsconfar.com/static/styles/images/ui-bg_flat_10_000000_40x100.png]
[www.jsconfar.com/static/styles/images/tickets-loading.gif]
[www.jsconfar.com/static/styles/images/tickets-close.png]
[www.jsconfar.com/static/styles/images/tickets-lock.png]
[www.jsconfar.com/static/styles/overlay.png]
[www.jsconfar.com/static/styles/stylescb5b.css]
[www.jsconfar.com/linkid.html]
[www.jsconfar.com/static/images/jsconf_argentina_logo.html]
[www.jsconfar.com/js/jquery.min.html]
[www.jsconfar.com/static/game_assets/index.html]
[www.jsconfar.com/static/styles/images/flags@2x.html]
[www.jsconfar.com/static/styles/images/ui-bg_highlight-soft_100_eeeeee_1x100.html]
[www.jsconfar.com/static/styles/images/ui-bg_gloss-wave_35_f6a828_500x100.html]
[www.jsconfar.com/static/styles/images/ui-bg_glass_100_f6f6f6_1x400.html]
[www.jsconfar.com/static/styles/images/ui-bg_glass_100_fdf5ce_1x400.html]
[www.jsconfar.com/static/styles/images/ui-bg_glass_65_ffffff_1x400.html]
[www.jsconfar.com/static/styles/images/ui-bg_highlight-soft_75_ffe45c_1x100.html]
[www.jsconfar.com/static/styles/images/ui-bg_diagonals-thick_18_b81900_40x40.html]
[www.jsconfar.com/static/styles/images/ui-icons_222222_256x240.html]
[www.jsconfar.com/static/styles/images/ui-icons_ffffff_256x240.html]
[www.jsconfar.com/static/styles/images/ui-icons_ef8c08_256x240.html]
[www.jsconfar.com/static/styles/images/ui-icons_228ef1_256x240.html]
[www.jsconfar.com/static/styles/images/ui-icons_ffd27a_256x240.html]
[www.jsconfar.com/static/styles/images/ui-bg_diagonals-thick_20_666666_40x40.html]
[www.jsconfar.com/static/styles/images/ui-bg_flat_10_000000_40x100.html]
[www.jsconfar.com/static/styles/overlay.html]
[cdn.socket.io/socket.io-1.2.0.js]
[www.jsconfar.com/static/js/terminal.js]
[www.jsconfar.com/static/js/scriptsbc8f.js]
[www.jsconfar.com/static/js/scriptsbc8f.js]
[www.jsconfar.com/static/js/terminal.js]
[www.jsconfar.com/Captain Obvious is obvious o/index.html]
[www.jsconfar.com/Captain Obvious is obvious o/index.html]
